======================
Test_case №0 is correct!
Coefs: 0, 0, 0
Answer: x - any number
======================
======================
Test_case №1 is correct!
Coefs: 0, 0, 12
Answer: zero solutions
======================
======================
Test_case №2 is correct!
Coefs: 0, 7, 0
Answer: x = 0
======================
======================
Test_case №3 is correct!
Coefs: 0, 7, 12
Answer: x = -1.71429
======================
======================
Test_case №4 is correct!
Coefs: 0, 7, -12
Answer: x = 1.71429
======================
======================
Test_case №5 is correct!
Coefs: 1, 7, 12
Answer: x = -4, -3
======================
======================
Test_case №6 is correct!
Coefs: 1, 7, -8
Answer: x = 1, -8
======================
======================
Test_case №7 is correct!
Coefs: -8, 7, 1
Answer: x = 1, -0.125
======================
